C51 COMPILER V9.59.0.0   AM2301                                                            04/06/2022 22:26:03 PAGE 1   


C51 COMPILER V9.59.0.0, COMPILATION OF MODULE AM2301
OBJECT MODULE PLACED IN .\Objects\AM2301.obj
COMPILER INVOKED BY: D:\Keil_v5\C51\BIN\C51.EXE AM2301.c OPTIMIZE(8,SPEED) BROWSE DEBUG OBJECTEXTEND PRINT(.\Listings\AM
                    -2301.lst) OBJECT(.\Objects\AM2301.obj)

line level    source

   1          #include <REGX52.H>//标准头文件
   2          #include "delay.h"//delay_ms()   unsigned char为u8,
   3          #include <INTRINS.H>//要用_nop_();
   4          //晶振11.0592MHz
   5          //AM2301
   6          sbit AM2301_DATA=P1^3;
   7          
   8          /**
   9            * @brief 给AM2301发送开始信号并接收响应
  10            * @param 无
  11            * @retvalf 接收到响应则返回1，否则返回0
  12            */
  13          unsigned char AM2301_Start(void)
  14          {
  15   1              unsigned char i;
  16   1              unsigned char AckBit,AckBit1,AckBit2;
  17   1              AM2301_DATA=1;
  18   1              //MCU发送开始信号
  19   1              AM2301_DATA=0;
  20   1              delay_ms(1);
  21   1              AM2301_DATA=1;//释放
  22   1              i = 9;while (--i);//延时20us
  23   1              //传感器响应
  24   1              i = 18;while (--i);//延时40us
  25   1              AckBit1=AM2301_DATA;//读取从机的响应值（低电平）
  26   1              _nop_();i = 36;while (--i);//延时80us
  27   1              AckBit2=AM2301_DATA;//读取从机的响应值（高电平）
  28   1              i = 18;while (--i);//延时40us
  29   1              AM2301_DATA=1;
  30   1              AckBit=(!AckBit1)&AckBit2;//两次都接收到从机响应信号则为1，否则为0
  31   1              
  32   1              return AckBit;
  33   1      }
  34          /**
  35            * @brief 从AM2301接收一比特数据
  36            * @param 无
  37            * @retvalf 1比特数据
  38            */
  39          unsigned char AM2301_ReceiveBit(void)
  40          {
  41   1              unsigned char i;
  42   1              unsigned char Bit;
  43   1              
  44   1              while(AM2301_DATA);
  45   1              while(!AM2301_DATA);
  46   1              _nop_();i = 13;while (--i);//延时30us
  47   1              Bit=AM2301_DATA;
  48   1              
  49   1              return Bit;
  50   1      }
  51          /**
  52            * @brief 从AM2301接收一Byte数据
  53            * @param 无
  54            * @retvalf 1字节数据
C51 COMPILER V9.59.0.0   AM2301                                                            04/06/2022 22:26:03 PAGE 2   

  55            */
  56          unsigned char AM2301_ReceiveByte(void)
  57          {
  58   1              unsigned char i;
  59   1              unsigned char Byte=0x00;
  60   1              for(i=0;i<8;i++){
  61   2                      if(AM2301_ReceiveBit()){Byte|=(0x80>>i);}
  62   2              }
  63   1              return Byte;
  64   1      }


MODULE INFORMATION:   STATIC OVERLAYABLE
   CODE SIZE        =    114    ----
   CONSTANT SIZE    =   ----    ----
   XDATA SIZE       =   ----    ----
   PDATA SIZE       =   ----    ----
   DATA SIZE        =   ----    ----
   IDATA SIZE       =   ----    ----
   BIT SIZE         =   ----    ----
END OF MODULE INFORMATION.


C51 COMPILATION COMPLETE.  0 WARNING(S),  0 ERROR(S)
